[run] syntax
      /usr/bin/python -m py_compile main.py engine/buildings.py engine/ecs.py engine/eventlog.py engine/events.py engine/fixtures.py engine/mutators.py engine/persistence.py engine/sim.py engine/sites.py engine/systems.py engine/tilemap.py engine/underground.py engine/visibility.py engine/world.py game/appearance.py game/appearance_loadout.py game/bones.py game/casino_ui_runtime.py game/character_sheet.py game/checks.py game/combat_systems.py game/components.py game/content_validation.py game/content_warnings.py game/criminal_drive_system.py game/criminal_justice_runtime.py game/criminal_justice_system.py game/custom_content.py game/debug_overlay.py game/dialogue.py game/dialogue_pressure.py game/dialogue_runtime.py game/dialogue_shape.py game/dialogue_social_context.py game/economy.py game/environment_hazard_system.py game/event_log_system.py game/final_notice.py game/final_operation.py game/finance_services.py game/fire_system.py game/human_description.py game/human_identity.py game/incident_runtime.py game/input_system.py game/item_actions.py game/item_semantics.py game/items.py game/json_metadata.py game/justice_runtime.py game/lighting.py game/local_situations.py game/location_presentation_runtime.py game/movement_runtime.py game/npc_boundary_system.py game/npc_income_system.py game/npc_intent_systems.py game/npc_interaction_system.py game/npc_judgment.py game/npc_names.py game/objective_progress.py game/opportunities.py game/org_names.py game/organization_practice_evolution.py game/organization_presence.py game/organization_reputation.py game/organization_response.py game/organizations.py game/outfit_impression.py game/overworld_runtime.py game/perception_systems.py game/player_action_system.py game/player_businesses.py game/player_config.py game/player_interactions.py game/player_look.py game/player_movement.py game/player_travel.py game/population.py game/property_access.py game/property_actions.py game/property_controllers.py game/property_door_wait.py game/property_doors.py game/property_ingress.py game/property_keys.py game/property_runtime.py game/property_security_systems.py game/public_content.py game/quick_travel_ramps.py game/release_runtime.py game/render_system.py game/report_debug_ui.py game/report_runtime.py game/run_bootstrap.py game/run_echoes.py game/run_epilogue.py game/run_objectives.py game/run_pressure.py game/semantic_catalog.py game/service_menu.py game/service_runtime.py game/site_services.py game/situation_read.py game/skill_progression.py game/skill_ui.py game/skills.py game/social_boundary_runtime.py game/status_ui_runtime.py game/systems.py game/systems_business_events.py game/systems_business_reputation.py game/systems_incidents.py game/systems_memory.py game/systems_observed_dispatch.py game/systems_observed_events.py game/systems_observed_response.py game/systems_settlement.py game/systems_social.py game/systems_wildlife.py game/systems_world_events.py game/trade_system.py game/tutorial.py game/ui_text_runtime.py game/vehicle_motion.py game/vehicles.py game/weapons.py game/world_progression_systems.py ui/curses_view.py ui/input_keys.py ui/pygame_view.py scripts/__init__.py scripts/actor_attention_regression.py scripts/add_json_schema_metadata.py scripts/altered_state_regression.py scripts/animal_social_regression.py scripts/appearance_loadout_regression.py scripts/bootstrap_regression.py scripts/build_workflow_regression.py scripts/building_floor_regression.py scripts/building_placement_regression.py scripts/business_event_scene_regression.py scripts/business_reputation_regression.py scripts/content_regression.py scripts/content_validation.py scripts/courier_opportunity_regression.py scripts/crash_report_regression.py scripts/criminal_drive_regression.py scripts/criminal_justice_regression.py scripts/curses_ui_regression.py scripts/custom_content_regression.py scripts/debug_ui_regression.py scripts/dialog_ui_regression.py scripts/dialogue_business_context_regression.py scripts/dialogue_pressure_regression.py scripts/dialogue_shape_regression.py scripts/dialogue_social_context_regression.py scripts/final_notice_regression.py scripts/final_operation_regression.py scripts/finance_regression.py scripts/fire_regression.py scripts/gear_regression.py scripts/hud_regression.py scripts/hunger_thirst_regression.py scripts/incident_knowledge_regression.py scripts/incident_social_memory_regression.py scripts/infrastructure_interaction_regression.py scripts/interior_room_regression.py scripts/item_regression.py scripts/keyed_property_regression.py scripts/lighting_regression.py scripts/live_lodging_regression.py scripts/local_situation_regression.py scripts/log_ui_regression.py scripts/newcomer_regression.py scripts/npc_boundary_regression.py scripts/npc_log_regression.py scripts/npc_name_dedupe.py scripts/npc_will_regression.py scripts/objective_legibility_regression.py scripts/observation_accountability_regression.py scripts/observed_incident_channel_regression.py scripts/opportunity_cadence_regression.py scripts/opportunity_knowledge_regression.py scripts/organization_regression.py scripts/outfit_impression_regression.py scripts/player_business_regression.py scripts/player_guide_regression.py scripts/population_regression.py scripts/profile_opportunity_knowledge.py scripts/pygame_ui_regression.py scripts/relationship_notebook_regression.py scripts/release_mode_regression.py scripts/rival_operator_regression.py scripts/run_epilogue_regression.py scripts/run_regressions.py scripts/save_load_regression.py scripts/skill_regression.py scripts/social_knowledge_regression.py scripts/spatial_index_regression.py scripts/startup_doctor_regression.py scripts/storefront_trade_regression.py scripts/street_vendor_trade_regression.py scripts/suspicion_regression.py scripts/tutorial_regression.py scripts/underground_access_regression.py scripts/vehicle_regression.py scripts/wildlife_ecology_regression.py scripts/world_event_regression.py
[ok]  syntax (1.08s)
[run] housekeeping
      bash scripts/check_housekeeping.sh
housekeeping check passed.
[ok]  housekeeping (0.02s)
[run] content_validation
      /usr/bin/python scripts/content_validation.py
content validation passed: 9 file(s) checked, 0 warning(s).
[ok]  content_validation (0.14s)
[run] content_regression
      /usr/bin/python scripts/content_regression.py
[ok] test_catalog_sizes_and_new_content_presence
[ok] test_repo_content_validation_passes
[ok] test_generated_cosmetic_catalog_and_store_stock_validity
[ok] test_reserved_glyph_semantics_stay_locked
[ok] test_business_generation_is_seed_stable_but_varied
[ok] test_business_founder_names_draw_from_npc_catalog
[ok] test_optional_machine_services_are_deterministic_but_not_ubiquitous
[ok] test_rare_unrelated_business_services_are_deterministic_and_rare
[ok] test_city_building_pools_are_seed_stable_and_fully_available
[ok] test_contractor_office_defaults_surface_property_services
[ok] test_service_station_defaults_surface_travel_support_services
[ok] test_metro_chunks_seed_deterministic_underpass_plans
[ok] test_metro_chunks_can_seed_branched_service_spur_underpasses
[ok] test_non_city_site_generation_is_seed_stable_and_broad
[ok] test_named_non_city_sites_use_generated_names
[ok] test_non_city_outsider_sites_are_deterministic_rare_and_service_ready
[ok] test_non_city_dense_compounds_surface_bounded_service_anchors
[ok] test_route_hub_specialties_turn_stops_into_better_recovery_nodes
[ok] test_parts_yard_specialties_seed_repair_and_better_salvage_reads
[ok] test_parts_yard_specialties_seed_chunk_specific_opportunities
[ok] test_watch_network_specialties_seed_concrete_intel_sites
[ok] test_field_refuge_specialties_seed_concrete_recovery_sites
[ok] test_non_city_site_layouts_do_not_overlap_or_trap_known_frontier_chunk
[ok] test_non_city_site_entries_keep_front_cells_clear
[ok] test_city_large_parcel_layouts_expand_without_overlap
[ok] test_vehicle_profiles_are_seed_stable_but_varied
content regression checks passed.
[ok]  content_regression (7.35s)
[run] player_guide_regression
      /usr/bin/python scripts/player_guide_regression.py
player_guide_regression: ok (6 tests)
[ok]  player_guide_regression (0.07s)
[run] build_workflow_regression
      /usr/bin/python scripts/build_workflow_regression.py
build_workflow_regression: ok (6 tests)
[ok]  build_workflow_regression (0.02s)
[run] release_mode_regression
      /usr/bin/python scripts/release_mode_regression.py
release_mode_regression: ok (5 tests)
[ok]  release_mode_regression (0.16s)
[run] startup_doctor_regression
      /usr/bin/python scripts/startup_doctor_regression.py
startup_doctor_regression: ok (3 tests)
[ok]  startup_doctor_regression (0.12s)
[run] crash_report_regression
      /usr/bin/python scripts/crash_report_regression.py
crash_report_regression: ok (1 tests)
[ok]  crash_report_regression (0.07s)
[run] save_load_regression
      /usr/bin/python scripts/save_load_regression.py
[ok] test_chunk_unload_and_restore
[ok] test_known_locations_resurface_after_chunk_reload_and_refresh_open_notebook
[ok] test_name_save_load_consumes_file
[ok] test_save_load_reapplies_closed_door_tiles_from_runtime_state
[ok] test_save_load_preserves_human_identity_metadata
[ok] test_save_load_preserves_player_known_relationship_episodes
[ok] test_save_load_preserves_social_knowledge_component
[ok] test_save_load_preserves_player_identity_metadata
[ok] test_appearance_loadout_persists_and_old_saves_gain_defaults
[ok] test_loaded_save_prompts_once_for_missing_player_identity_metadata
[ok] test_chunk_restore_reapplies_closed_door_tiles_from_runtime_state
[ok] test_load_without_consuming_preserves_file_until_resume_ready
[ok] test_failed_non_consuming_load_keeps_corrupt_file
[ok] test_startup_dynamic_opportunity_refresh_accepts_bool_append_contract
[ok] test_save_character_run_ignores_runtime_only_unpickleable_system_refs
[ok] test_save_character_run_strips_nested_runtime_window_refs
[ok] test_save_character_run_strips_nested_runtime_module_refs
[ok] test_world_runtime_catalogs_rebuild_instead_of_serializing_static_name_data
[ok] test_failed_run_bones_archive_can_seed_future_grave_and_stash
[ok] test_run_echo_archive_roundtrip_can_seed_future_notice_and_remnant
[ok] test_identified_final_operation_target_survives_unload_and_save_resume
[ok] test_opportunity_tracked_target_survives_unload_and_save_resume
save/load regression checks passed.
[ok]  save_load_regression (25.16s)
[run] incident_knowledge_regression
      /usr/bin/python scripts/incident_knowledge_regression.py
incident_knowledge_regression: ok
[ok]  incident_knowledge_regression (0.17s)
[run] lighting_regression
      /usr/bin/python scripts/lighting_regression.py
[ok] test_phase4_notice_ranges
[ok] test_phase4_aperture_and_role_relationships
[ok] test_phase4_dark_adaptation_and_floor_visibility_baseline
[ok] test_window_tiles_are_transparent_for_line_of_sight
[ok] test_phase5_fixture_and_aperture_light_sources
[ok] test_phase5_daytime_light_sources_stay_inactive
[ok] test_fire_cells_emit_local_light_without_smoke_counting_as_glow
[ok] test_visibility_radius_scales_with_perception
[ok] test_phase2_explored_tiles_hold_last_seen_feature_state
[ok] test_power_cut_suppresses_night_aperture_glow_immediately
lighting regression checks passed.
[ok]  lighting_regression (0.37s)
[run] vehicle_regression
      /usr/bin/python scripts/vehicle_regression.py
[ok] test_zoom_on_foot_opens_view_only_overworld_map
[ok] test_on_foot_city_move_marks_chunk_as_visited
[ok] test_out_of_fuel_blocks_overworld_travel
[ok] test_out_of_fuel_log_points_to_local_recovery_site
[ok] test_fuel_service_label_shows_active_vehicle_status
[ok] test_repair_service_label_shows_active_vehicle_status
[ok] test_starter_vehicle_is_topped_off
[ok] test_known_locations_keeps_owned_vehicle_visible_while_driving
[ok] test_known_locations_report_surfaces_macro_destination_read
[ok] test_owned_vehicle_without_key_blocks_entry
[ok] test_owned_vehicle_missing_key_log_explains_missing_key_on_hand
[ok] test_known_locations_owned_vehicle_row_shows_key_and_offsite_state
[ok] test_vehicle_property_summary_surfaces_owned_and_key_state
[ok] test_private_vehicle_requires_lockpick_to_hotwire
[ok] test_lockpick_and_skill_can_hotwire_private_vehicle
[ok] test_unwitnessed_hotwire_does_not_emit_vehicle_theft_action_offense
[ok] test_multitool_can_support_exceptional_ignition_override
[ok] test_hotwire_fumble_can_break_last_durability_tool
[ok] test_interact_enters_vehicle_and_stays_in_local_mode
[ok] test_interact_boards_water_vehicle_without_dragging_boat_ashore
[ok] test_water_vehicle_exit_keeps_boat_on_water_and_places_player_on_shore
[ok] test_water_vehicle_exit_blocks_when_no_shore_is_nearby
[ok] test_local_vehicle_move_syncs_property_and_preserves_fuel
[ok] test_local_vehicle_movement_blocks_property_tiles
[ok] test_local_vehicle_movement_does_not_auto_open_closed_doors
[ok] test_local_vehicle_movement_requires_fuel_without_draining_it
[ok] test_local_vehicle_driving_controls_accelerate_turn_brake_and_reverse
[ok] test_local_vehicle_tap_cruise_continues_without_held_key
[ok] test_local_vehicle_single_forward_key_rolls_until_wall_with_fuel
[ok] test_local_vehicle_brake_tap_stops_single_tap_cruise
[ok] test_heading_aware_vehicle_render_snapshot_uses_eight_way_glyph
[ok] test_active_vehicle_render_frame_uses_all_eight_heading_glyphs
[ok] test_vehicle_top_speed_uses_class_power_and_condition
[ok] test_vehicle_crash_damages_vehicle_and_can_jolt_driver
[ok] test_speed_two_vehicle_stops_safely_on_second_step_blocker
[ok] test_npc_route_driver_moves_vehicle_on_roads_only
[ok] test_npc_route_driver_does_not_enter_property_tiles
[ok] test_npc_route_driver_accelerates_and_brakes_for_turns
[ok] test_npc_route_driver_forced_miss_can_crash
[ok] test_vehicle_collision_damages_target_and_emits_offense
[ok] test_water_vehicle_moves_on_water_and_blocks_land
[ok] test_water_vehicle_tap_cruise_continues_without_held_key
[ok] test_water_vehicle_brake_tap_stops_cruise
[ok] test_water_vehicle_tap_cruise_stops_at_land_block
[ok] test_water_vehicle_zoom_out_opens_view_only_map_even_at_water_access
[ok] test_local_vehicle_zoom_out_requires_route_tile
[ok] test_local_vehicle_enters_quick_travel_by_driving_onto_ramp
[ok] test_quick_travel_uses_eight_way_controls_without_local_driving_mutation
[ok] test_map_mode_blocks_face_to_face_npc_and_police_interactions
[ok] test_zoom_city_enter_returns_to_local_driving_before_exit
[ok] test_zoom_city_enter_leaves_view_only_map_without_vehicle_exit
[ok] test_zoom_city_enter_prefers_outside_tile_near_vehicle
[ok] test_dry_vehicle_exit_log_points_to_local_recovery_site
[ok] test_out_of_fuel_log_mentions_owned_vehicle_fallback
[ok] test_fuel_no_credit_log_explains_unit_cost
[ok] test_repair_service_restores_durability_and_spends_credits
[ok] test_repair_no_credit_log_explains_point_cost
[ok] test_fuel_cost_shape
[ok] test_multiseed_fuel_cost_band
[ok] test_service_coverage_policy_band
[ok] test_new_vehicle_sales_policy_stays_rare
[ok] test_travel_and_refuel_integration
[ok] test_vehicle_fetch_quote_improves_with_mobility_skill
[ok] test_vehicle_sale_delivers_purchase_outside_when_bought_from_indoor_tile
[ok] test_vehicle_fetch_delivers_vehicle_outside_when_requested_from_indoor_tile
[ok] test_vehicle_key_issuance_ignores_full_inventory_slots
[ok] test_trade_sell_rows_hide_credentials_except_vehicle_trade_in
[ok] test_vehicle_key_trade_in_requires_same_chunk
[ok] test_vehicle_sale_purchase_matches_selected_offering
[ok] test_vehicle_render_snapshot_preserves_explicit_paint_color
[ok] test_generated_chunk_vehicles_use_paint_palette_keys
[ok] test_vehicle_key_trade_in_sells_vehicle_in_chunk
[ok] test_overworld_cursor_reveals_adjacent_chunk_identity_but_hides_distant_chunk
[ok] test_overworld_scan_reveals_adjacent_neighbors
vehicle regression checks passed.
[ok]  vehicle_regression (4.81s)
[run] organization_regression
      /usr/bin/python scripts/organization_regression.py
[ok] test_property_organization_is_created_and_surfaced
[ok] test_named_businesses_share_one_generated_organization
[ok] test_explicit_organization_key_overrides_named_business_default
[ok] test_authored_organization_seed_can_exist_without_any_site
[ok] test_authored_business_organization_seed_can_back_multiple_sites
[ok] test_org_name_generation_is_deterministic_for_gang_and_corporate_styles
[ok] test_chunk_org_seeding_creates_explicit_non_site_org_roots
[ok] test_civic_departments_parent_under_municipal_root_and_expose_policy_shape
[ok] test_corporate_professional_sites_parent_under_corp_root_and_keep_local_branch_orgs
[ok] test_corporate_root_vocabulary_flows_to_branch_site_and_members
[ok] test_corpsec_parenting_stays_narrow_and_does_not_claim_ordinary_storefronts
[ok] test_dock_union_collective_defaults_attach_links_relations_and_worker_memberships
[ok] test_visible_org_presence_reaches_player_look_scan_and_notebook
[ok] test_live_crew_method_reads_reach_property_and_npc_look_scan
[ok] test_collective_vocabulary_filters_can_target_affiliated_operator_and_field_domain
[ok] test_authored_trade_guild_collectives_and_practices_can_target_service_mutations
[ok] test_service_mutation_practice_changes_live_rest_service_outcomes
[ok] test_trade_practice_changes_live_store_supply_note_and_price_profile
[ok] test_hidden_trade_progress_marks_operator_and_affiliated_cell_only
[ok] test_drug_trade_emerges_and_promotes_root_practice_without_duplicates
[ok] test_repair_quality_progresses_operator_and_affiliated_trade_guild_and_updates_service_bundle
[ok] test_trade_purchase_realizes_item_metadata_and_plain_goods_stay_plain
[ok] test_repair_tool_realization_improves_live_tool_terms
[ok] test_criminal_member_practices_feed_access_terms_and_reduce_tamper_severity
[ok] test_unstable_tool_realization_carries_lower_durability_and_higher_wear
[ok] test_medical_and_drug_item_realization_scale_runtime_effects
[ok] test_unstable_branch_goods_weaken_positive_effects_and_worsen_side_effects
[ok] test_practice_progress_and_promoted_rows_survive_save_load
[ok] test_neon_gang_cells_create_child_orgs_and_local_secondary_hierarchy
[ok] test_syndicate_hidden_backrooms_can_pick_up_dynamic_cell_defaults_after_spawn
[ok] test_root_criminal_practices_flow_to_cell_sites_and_members
[ok] test_organization_vocabulary_can_exist_before_any_site_or_member
[ok] test_parent_org_vocabulary_flows_to_child_site_and_membership_queries
[ok] test_new_secondary_site_can_resolve_existing_org_vocabulary_from_the_org_root
[ok] test_organization_vocabulary_can_target_sites_roles_and_members
[ok] test_branch_hydration_records_root_state_for_local_branch_site
[ok] test_branch_hydration_refreshes_from_root_updates_and_survives_save_load
[ok] test_actor_branch_briefing_packets_stay_local_and_inherit_root_state
[ok] test_watchlist_denials_block_live_services_trade_and_entry
[ok] test_relation_access_consumers_grant_bounded_oversight_service_and_representation
[ok] test_corporate_practices_surface_screened_entry_and_branch_grace
[ok] test_collective_support_softens_affiliated_services_for_represented_members
[ok] test_collective_coordination_surfaces_crew_call_without_adding_scene_volume
[ok] test_watchlists_and_branch_briefings_survive_chunk_restore_and_save_load
[ok] test_public_civic_sites_share_department_organization
[ok] test_public_corrections_sites_share_department_organization
[ok] test_civic_oversight_relations_are_directed_and_do_not_auto_reverse
[ok] test_world_generation_exposes_common_jails_and_rare_large_prisons
[ok] test_storefront_staff_resolution_can_use_affiliation_state
[ok] test_site_links_can_add_secondary_org_presence_without_replacing_primary_operator
[ok] test_property_org_links_reuses_tick_index_across_properties
[ok] test_actor_memberships_support_multi_org_primary_selection_and_supervisor_chains
[ok] test_chunk_restore_preserves_org_backed_storefront_service
[ok] test_chunk_restore_preserves_site_links_relations_and_multi_memberships
[ok] test_save_load_preserves_shared_organization_state
[ok] test_save_load_preserves_organization_vocabulary_entries
[ok] test_save_load_preserves_relations_site_links_and_explicit_org_hierarchy
[ok] test_shared_org_reputation_spreads_across_sites_and_persists
organization regression checks failed: player crime at an org site should raise organization heat
[fail] organization_regression (3.62s, exit 1)
regression run failed: organization_regression(1)
